
C:\Users\SL\Documents\vsCode\01-express>npm init
This utility will walk you through creating a package.json file.
It only covers the most common items, and tries to guess sensible defaults.

See `npm help json` for definitive documentation on these fields
and exactly what they do.

Use `npm install <pkg>` afterwards to install a package and
save it as a dependency in the package.json file.

Press ^C at any time to quit.
package name: (01-express)
version: (1.0.0)
description:
entry point: (index.js)
test command:
git repository:
keywords:
author:
license: (ISC)
About to write to C:\Users\SL\Documents\vsCode\01-express\package.json:

{
  "name": "01-express",
  "version": "1.0.0",
  "description": "",
  "main": "index.js",
  "scripts": {
    "test": "echo \"Error: no test specified\" && exit 1"
  },
  "author": "",
  "license": "ISC"
}


Is this ok? (yes)

C:\Users\SL\Documents\vsCode\01-express>npm install express --s save


C:\Users\SL\Documents\vsCode\01-express>npm install eslint --save-dev


C:\Users\SL\Documents\vsCode\01-express>node_modules\.bin\eslint --init


C:\Users\SL\Documents\vsCode\01-express>node server
server started on port 3000

C:\Users\SL\Documents\vsCode\01-express>node server
server started on port 3000


C:\Users\SL\Documents\vsCode\01-express>npm install nodemon --save-dev


C:\Users\SL\Documents\vsCode\01-express>node_modules\.bin\nodemon server
[nodemon] 1.11.0
[nodemon] to restart at any time, enter `rs`
[nodemon] watching: *.*
[nodemon] starting `node server index.js`
server started on port 3000