
C:\Users\SL\Documents\vsCode\01-express>npm init
This utility will walk you through creating a package.json file.
It only covers the most common items, and tries to guess sensible defaults.

See `npm help json` for definitive documentation on these fields
and exactly what they do.

Use `npm install <pkg>` afterwards to install a package and
save it as a dependency in the package.json file.

Press ^C at any time to quit.
package name: (01-express)
version: (1.0.0)
description:
entry point: (index.js)
test command:
git repository:
keywords:
author:
license: (ISC)
About to write to C:\Users\SL\Documents\vsCode\01-express\package.json:

{
  "name": "01-express",
  "version": "1.0.0",
  "description": "",
  "main": "index.js",
  "scripts": {
    "test": "echo \"Error: no test specified\" && exit 1"
  },
  "author": "",
  "license": "ISC"
}


Is this ok? (yes)

C:\Users\SL\Documents\vsCode\01-express>npm install express --s save
+ save@2.3.1
+ express@4.15.4
added 55 packages in 8.771s

C:\Users\SL\Documents\vsCode\01-express>code .



C:\Users\SL\Documents\vsCode\01-express>npm install eslint --save-dev
npm WARN 01-express@1.0.0 No description
npm WARN 01-express@1.0.0 No repository field.

+ eslint@4.5.0
added 136 packages in 11.435s


C:\Users\SL\Documents\vsCode\01-express>node_modules\.bin\eslint --init
? How would you like to configure ESLint? Answer questions about your st
yle
? Are you using ECMAScript 6 features? Yes
? Are you using ES6 modules? No
? Where will your code run? Browser, Node
? Do you use CommonJS? Yes
? Do you use JSX? No
? What style of indentation do you use? Tabs
? What quotes do you use for strings? Double
? What line endings do you use? Windows
? Do you require semicolons? Yes
? What format do you want your config file to be in? JSON
Successfully created .eslintrc.json file in C:\Users\SL\Documents\vsCode\01-express


C:\Users\SL\Documents\vsCode\01-express>node server
server started on port 3000

C:\Users\SL\Documents\vsCode\01-express>node server
server started on port 3000


C:\Users\SL\Documents\vsCode\01-express>npm install nodemon --save-dev
npm WARN 01-express@1.0.0 No description
npm WARN 01-express@1.0.0 No repository field.
npm WARN optional SKIPPING OPTIONAL DEPENDENCY: fsevents@1.1.2 (node_modules\fsevents):
npm WARN notsup SKIPPING OPTIONAL DEPENDENCY: Unsupported platform for fsevents@1.1.2: wanted {"os":"darwin","arch":"any"} (current: {"os":"win32","arch":"x64"})

+ nodemon@1.11.0
added 115 packages and updated 1 package in 15.884s

C:\Users\SL\Documents\vsCode\01-express>node_modules\.bin\nodemon server
[nodemon] 1.11.0
[nodemon] to restart at any time, enter `rs`
[nodemon] watching: *.*
[nodemon] starting `node server index.js`
server started on port 3000